
> city-real-space-crm@1.0.0 build
> prisma generate && next build

Environment variables loaded from .env
Prisma schema loaded from prisma\schema.prisma

Γ£ö Generated Prisma Client (v5.22.0) to .\node_modules\@prisma\client in 497ms

Start by importing your Prisma Client (See: https://pris.ly/d/importing-client)

Tip: Interested in query caching in just a few lines of code? Try Accelerate today! https://pris.ly/tip-3-accelerate

   Γû▓ Next.js 15.3.3
   - Environments: .env.local, .env

   Creating an optimized production build ...
node.exe : <w> [webpack.cache.PackFileCacheStrategy] 
Serializing big strings (192kiB) impacts deserialization 
performance (consider using Buffer instead and decode when 
needed)
At line:1 char:1
+ & "C:\Program Files\nodejs/node.exe" "C:\Program 
Files\nodejs/node_mo ...
+ ~~~~~~~~~~~~~~~~~~~~~~~~~~~~~~~~~~~~~~~~~~~~~~~~~~~~~~~~~~
~~~~~~~~~~~
    + CategoryInfo          : NotSpecified: (<w> [webpack.c 
   a...de when needed):String) [], RemoteException
    + FullyQualifiedErrorId : NativeCommandError
 
 Γ£ô Compiled successfully in 55s
   Skipping validation of types
   Skipping linting
   Collecting page data ...
   Generating static pages (0/82) ...
   Generating static pages (20/82) 
   Generating static pages (40/82) 
   Generating static pages (61/82) 
 Γ£ô Generating static pages (82/82)
   Finalizing page optimization ...
   Collecting build traces ...

Route (app)                                 Size  First Load JS  Revalidate  Expire
Γöî Γùï /                                    4.09 kB         151 kB
Γö£ Γùï /_not-found                            353 B         102 kB
Γö£ Γùï /admin-employees                     7.17 kB         150 kB
Γö£ ╞Æ /admin-employees/[id]                13.1 kB         156 kB
Γö£ Γùï /admin-panel                          5.6 kB         179 kB
Γö£ Γùï /admin-users                         1.48 kB         139 kB
Γö£ Γùï /agreements                          7.31 kB         150 kB
Γö£ Γùï /ai-assistant                        6.23 kB         144 kB
Γö£ ╞Æ /api/admin/employees                   353 B         102 kB
Γö£ ╞Æ /api/admin/employees/[id]              353 B         102 kB
Γö£ ╞Æ /api/admin/employees/documents         353 B         102 kB
Γö£ ╞Æ /api/admin/employees/offer-letter      353 B         102 kB
Γö£ ╞Æ /api/admin/employees/reset-password    353 B         102 kB
Γö£ ╞Æ /api/admin/employees/salary-slip       353 B         102 kB
Γö£ ╞Æ /api/admin/users                       353 B         102 kB
Γö£ ╞Æ /api/agreements                        353 B         102 kB
Γö£ ╞Æ /api/agreements/[id]                   353 B         102 kB
Γö£ ╞Æ /api/ai                                353 B         102 kB
Γö£ ╞Æ /api/ai/chat                           353 B         102 kB
Γö£ ╞Æ /api/ai/match-leads                    353 B         102 kB
Γö£ ╞Æ /api/ai/scan-card                      353 B         102 kB
Γö£ ╞Æ /api/attendance                        353 B         102 kB
Γö£ ╞Æ /api/attendance/employees              353 B         102 kB
Γö£ ╞Æ /api/attendance/guest                  353 B         102 kB
Γö£ ╞Æ /api/attendance/locations              353 B         102 kB
Γö£ ╞Æ /api/attendance/qr                     353 B         102 kB
Γö£ ╞Æ /api/attendance/scan                   353 B         102 kB
Γö£ ╞Æ /api/attendance/today                  353 B         102 kB
Γö£ ╞Æ /api/auth/check-admin                  353 B         102 kB
Γö£ ╞Æ /api/auth/employee-signin              353 B         102 kB
Γö£ ╞Æ /api/auth/me                           353 B         102 kB
Γö£ ╞Æ /api/auth/verify-employee              353 B         102 kB
Γö£ ╞Æ /api/brokers                           353 B         102 kB
Γö£ ╞Æ /api/chat/broadcast                    353 B         102 kB
Γö£ ╞Æ /api/chat/rooms                        353 B         102 kB
Γö£ ╞Æ /api/chat/rooms/[roomId]/messages      353 B         102 kB
Γö£ ╞Æ /api/commissions                       353 B         102 kB
Γö£ ╞Æ /api/commissions/[id]                  353 B         102 kB
Γö£ ╞Æ /api/commissions/export                353 B         102 kB
Γö£ Γùï /api/dashboard                         353 B         102 kB          1m      1y
Γö£ ╞Æ /api/deals                             353 B         102 kB
Γö£ ╞Æ /api/deals/[id]                        353 B         102 kB
Γö£ ╞Æ /api/employee/documents                353 B         102 kB
Γö£ ╞Æ /api/employee/profile                  353 B         102 kB
Γö£ ╞Æ /api/google/calendar                   353 B         102 kB
Γö£ ╞Æ /api/google/callback                   353 B         102 kB
Γö£ ╞Æ /api/leads                             353 B         102 kB
Γö£ ╞Æ /api/leads/[id]                        353 B         102 kB
Γö£ ╞Æ /api/leads/bulk-message                353 B         102 kB
Γö£ ╞Æ /api/leads/call-log                    353 B         102 kB
Γö£ ╞Æ /api/leads/export                      353 B         102 kB
Γö£ ╞Æ /api/leads/follow-up                   353 B         102 kB
Γö£ ╞Æ /api/leads/import                      353 B         102 kB
Γö£ ╞Æ /api/leads/tasks                       353 B         102 kB
Γö£ ╞Æ /api/leaves                            353 B         102 kB
Γö£ ╞Æ /api/leaves/[id]                       353 B         102 kB
Γö£ ╞Æ /api/marketing                         353 B         102 kB
Γö£ ╞Æ /api/marketing/[id]                    353 B         102 kB
Γö£ ╞Æ /api/notifications                     353 B         102 kB
Γö£ ╞Æ /api/owners                            353 B         102 kB
Γö£ ╞Æ /api/owners/[id]                       353 B         102 kB
Γö£ ╞Æ /api/owners/[id]/messages              353 B         102 kB
Γö£ ╞Æ /api/properties                        353 B         102 kB
Γö£ ╞Æ /api/properties/[id]                   353 B         102 kB
Γö£ ╞Æ /api/properties/export                 353 B         102 kB
Γö£ ╞Æ /api/reports                           353 B         102 kB
Γö£ ╞Æ /api/search                            353 B         102 kB
Γö£ ╞Æ /api/upload                            353 B         102 kB
Γö£ ╞Æ /api/visits                            353 B         102 kB
Γö£ ╞Æ /api/visits/[id]                       353 B         102 kB
Γö£ ╞Æ /api/webhooks/clerk                    353 B         102 kB
Γö£ ╞Æ /api/webhooks/portal                   353 B         102 kB
Γö£ ╞Æ /api/webhooks/property                 353 B         102 kB
Γö£ ╞Æ /api/webhooks/website                  353 B         102 kB
Γö£ ╞Æ /api/whatsapp                          353 B         102 kB
Γö£ Γùï /attendance                          8.08 kB         181 kB
Γö£ Γùï /attendance/me                        3.9 kB         177 kB
Γö£ Γùï /attendance/scan                      110 kB         252 kB
Γö£ Γùï /calendar                            6.47 kB         144 kB
Γö£ Γùï /commissions                         4.51 kB         148 kB
Γö£ Γùï /dashboard                           9.22 kB         188 kB
Γö£ Γùï /deals                                  6 kB         149 kB
Γö£ Γùï /employee                            11.5 kB         190 kB
Γö£ Γùï /leads                               14.5 kB         158 kB
Γö£ Γùï /marketing                           5.37 kB         179 kB
Γö£ Γùï /owners                              25.2 kB         174 kB
Γö£ Γùï /owners/import                       5.44 kB         148 kB
Γö£ Γùï /properties                          9.64 kB         153 kB
Γö£ Γùï /punch                               4.41 kB         148 kB
Γö£ Γùï /reports                              101 kB         239 kB
Γö£ Γùï /settings                            4.84 kB         148 kB
Γö£ ╞Æ /sign-in/[[...sign-in]]                 5 kB         143 kB
Γö£ ╞Æ /sign-up/[[...sign-up]]                189 B         111 kB
Γö£ Γùï /sso-callback                          257 B         132 kB
Γö£ Γùï /team-chat                           6.05 kB         149 kB
Γöö Γùï /visits                              6.87 kB         150 kB
+ First Load JS shared by all             102 kB
  Γö£ chunks/1684-c132c428eff3c236.js      46.4 kB
  Γö£ chunks/4bd1b696-0e14ecfaa04ab53d.js  53.2 kB
  Γöö other shared chunks (total)          2.17 kB


╞Æ Middleware                             87.6 kB

Γùï  (Static)   prerendered as static content
╞Æ  (Dynamic)  server-rendered on demand

